src/components/About.tsx(2,31): error TS2307: Cannot find module '../data/portfolioData' or its corresponding type declarations.
src/components/About.tsx(3,28): error TS2307: Cannot find module './ui/SectionHeading' or its corresponding type declarations.
src/components/About.tsx(26,72): error TS7006: Parameter 'item' implicitly has an 'any' type.
src/components/About.tsx(26,78): error TS7006: Parameter 'index' implicitly has an 'any' type.
src/components/About.tsx(55,59): error TS7006: Parameter 'edu' implicitly has an 'any' type.
src/components/About.tsx(55,64): error TS7006: Parameter 'index' implicitly has an 'any' type.
src/components/Canvas3D.tsx(10,15): error TS6133: 'state' is declared but its value is never read.
src/components/Contact.tsx(3,31): error TS2307: Cannot find module '../data/portfolioData' or its corresponding type declarations.
src/components/Contact.tsx(4,28): error TS2307: Cannot find module './ui/SectionHeading' or its corresponding type declarations.
src/components/Contact.tsx(6,60): error TS2307: Cannot find module 'lucide-react' or its corresponding type declarations.
src/components/Experience.tsx(2,31): error TS2307: Cannot find module '../data/portfolioData' or its corresponding type declarations.
src/components/Experience.tsx(3,28): error TS2307: Cannot find module './ui/SectionHeading' or its corresponding type declarations.
src/components/Experience.tsx(12,53): error TS7006: Parameter 'exp' implicitly has an 'any' type.
src/components/Experience.tsx(12,58): error TS7006: Parameter 'index' implicitly has an 'any' type.
src/components/Footer.tsx(1,31): error TS2307: Cannot find module '../data/portfolioData' or its corresponding type declarations.
src/components/Hero.tsx(4,31): error TS2307: Cannot find module '../data/portfolioData' or its corresponding type declarations.
src/components/Hero.tsx(6,22): error TS7016: Could not find a declaration file for module 'react-scroll'. 'C:/Users/surya/Desktop/My-Portfolio/client/node_modules/react-scroll/modules/index.js' implicitly has an 'any' type.
  Try `npm i --save-dev @types/react-scroll` if it exists or add a new declaration (.d.ts) file containing `declare module 'react-scroll';`
src/components/Navbar.tsx(2,22): error TS7016: Could not find a declaration file for module 'react-scroll'. 'C:/Users/surya/Desktop/My-Portfolio/client/node_modules/react-scroll/modules/index.js' implicitly has an 'any' type.
  Try `npm i --save-dev @types/react-scroll` if it exists or add a new declaration (.d.ts) file containing `declare module 'react-scroll';`
src/components/Navbar.tsx(3,25): error TS2307: Cannot find module 'lucide-react' or its corresponding type declarations.
src/components/Projects.tsx(2,31): error TS2307: Cannot find module '../data/portfolioData' or its corresponding type declarations.
src/components/Projects.tsx(3,28): error TS2307: Cannot find module './ui/SectionHeading' or its corresponding type declarations.
src/components/Projects.tsx(4,38): error TS2307: Cannot find module 'lucide-react' or its corresponding type declarations.
src/components/Projects.tsx(13,50): error TS7006: Parameter 'project' implicitly has an 'any' type.
src/components/Projects.tsx(13,59): error TS7006: Parameter 'index' implicitly has an 'any' type.
src/components/Projects.tsx(68,56): error TS7006: Parameter 'tag' implicitly has an 'any' type.
src/components/Projects.tsx(68,61): error TS7006: Parameter 'tagIndex' implicitly has an 'any' type.
src/components/Skills.tsx(2,31): error TS2307: Cannot find module '../data/portfolioData' or its corresponding type declarations.
src/components/Skills.tsx(3,28): error TS2307: Cannot find module './ui/SectionHeading' or its corresponding type declarations.
src/components/Skills.tsx(27,52): error TS7006: Parameter 'category' implicitly has an 'any' type.
src/components/Skills.tsx(27,62): error TS7006: Parameter 'catIndex' implicitly has an 'any' type.
src/components/Skills.tsx(47,55): error TS7006: Parameter 'skill' implicitly has an 'any' type.
src/components/Skills.tsx(47,62): error TS7006: Parameter 'skillIndex' implicitly has an 'any' type.
src/main.tsx(3,8): error TS2307: Cannot find module './index.css' or its corresponding type declarations.
